// Jest Snapshot v1, https://goo.gl/fbAQLP

exports[`Student Exam List should render correctly 1`] = `<div />`;
