// Jest Snapshot v1, https://goo.gl/fbAQLP

exports[`Exam View Coach should render correctly 1`] = `<div />`;
